<?xml version="1.0" encoding="ISO-8859-1" ?>
<link_info>
   <banner>TI ARM Linker PC v20.2.0.LTS</banner>
   <copyright>Copyright (c) 1996-2018 Texas Instruments Incorporated</copyright>
   <link_time>0x5f0d5de4</link_time>
   <link_errors>0x0</link_errors>
   <output_file>lab5.out</output_file>
   <entry_point>
      <name>_c_int00_noargs</name>
      <address>0x1991</address>
   </entry_point>
   <input_file_list>
      <input_file id="fl-2">
         <path>.\</path>
         <kind>object</kind>
         <file>main.obj</file>
         <name>main.obj</name>
      </input_file>
      <input_file id="fl-3">
         <path>.\</path>
         <kind>object</kind>
         <file>tm4c123gh6pm_startup_ccs.obj</file>
         <name>tm4c123gh6pm_startup_ccs.obj</name>
      </input_file>
      <input_file id="fl-4">
         <path>.\</path>
         <kind>object</kind>
         <file>uartstdio.obj</file>
         <name>uartstdio.obj</name>
      </input_file>
      <input_file id="fl-9">
         <kind>object</kind>
         <file>&lt;internal&gt;</file>
         <name>&lt;internal&gt;</name>
      </input_file>
      <input_file id="fl-a">
         <path>C:\ti\TivaWare_C_Series-2.1.4.178\driverlib\ccs\Debug\</path>
         <kind>archive</kind>
         <file>driverlib.lib</file>
         <name>gpio.obj</name>
      </input_file>
      <input_file id="fl-b">
         <path>C:\ti\TivaWare_C_Series-2.1.4.178\driverlib\ccs\Debug\</path>
         <kind>archive</kind>
         <file>driverlib.lib</file>
         <name>interrupt.obj</name>
      </input_file>
      <input_file id="fl-c">
         <path>C:\ti\TivaWare_C_Series-2.1.4.178\driverlib\ccs\Debug\</path>
         <kind>archive</kind>
         <file>driverlib.lib</file>
         <name>pwm.obj</name>
      </input_file>
      <input_file id="fl-d">
         <path>C:\ti\TivaWare_C_Series-2.1.4.178\driverlib\ccs\Debug\</path>
         <kind>archive</kind>
         <file>driverlib.lib</file>
         <name>qei.obj</name>
      </input_file>
      <input_file id="fl-e">
         <path>C:\ti\TivaWare_C_Series-2.1.4.178\driverlib\ccs\Debug\</path>
         <kind>archive</kind>
         <file>driverlib.lib</file>
         <name>sysctl.obj</name>
      </input_file>
      <input_file id="fl-f">
         <path>C:\ti\TivaWare_C_Series-2.1.4.178\driverlib\ccs\Debug\</path>
         <kind>archive</kind>
         <file>driverlib.lib</file>
         <name>timer.obj</name>
      </input_file>
      <input_file id="fl-10">
         <path>C:\ti\TivaWare_C_Series-2.1.4.178\driverlib\ccs\Debug\</path>
         <kind>archive</kind>
         <file>driverlib.lib</file>
         <name>uart.obj</name>
      </input_file>
      <input_file id="fl-11">
         <path>C:\ti\TivaWare_C_Series-2.1.4.178\driverlib\ccs\Debug\</path>
         <kind>archive</kind>
         <file>driverlib.lib</file>
         <name>cpu.obj</name>
      </input_file>
      <input_file id="fl-c7">
         <path>C:\ti\ccs1000\ccs\tools\compiler\ti-cgt-arm_20.2.0.LTS\lib\</path>
         <kind>archive</kind>
         <file>rtsv7M4_T_le_v4SPD16_eabi.lib</file>
         <name>fd_add_t2.asm.obj</name>
      </input_file>
      <input_file id="fl-c8">
         <path>C:\ti\ccs1000\ccs\tools\compiler\ti-cgt-arm_20.2.0.LTS\lib\</path>
         <kind>archive</kind>
         <file>rtsv7M4_T_le_v4SPD16_eabi.lib</file>
         <name>fd_div_t2.asm.obj</name>
      </input_file>
      <input_file id="fl-c9">
         <path>C:\ti\ccs1000\ccs\tools\compiler\ti-cgt-arm_20.2.0.LTS\lib\</path>
         <kind>archive</kind>
         <file>rtsv7M4_T_le_v4SPD16_eabi.lib</file>
         <name>fd_mul_t2.asm.obj</name>
      </input_file>
      <input_file id="fl-ca">
         <path>C:\ti\ccs1000\ccs\tools\compiler\ti-cgt-arm_20.2.0.LTS\lib\</path>
         <kind>archive</kind>
         <file>rtsv7M4_T_le_v4SPD16_eabi.lib</file>
         <name>fd_tos_t2.asm.obj</name>
      </input_file>
      <input_file id="fl-cb">
         <path>C:\ti\ccs1000\ccs\tools\compiler\ti-cgt-arm_20.2.0.LTS\lib\</path>
         <kind>archive</kind>
         <file>rtsv7M4_T_le_v4SPD16_eabi.lib</file>
         <name>fs_tod_t2.asm.obj</name>
      </input_file>
      <input_file id="fl-cc">
         <path>C:\ti\ccs1000\ccs\tools\compiler\ti-cgt-arm_20.2.0.LTS\lib\</path>
         <kind>archive</kind>
         <file>rtsv7M4_T_le_v4SPD16_eabi.lib</file>
         <name>u_divt2.asm.obj</name>
      </input_file>
      <input_file id="fl-cd">
         <path>C:\ti\ccs1000\ccs\tools\compiler\ti-cgt-arm_20.2.0.LTS\lib\</path>
         <kind>archive</kind>
         <file>rtsv7M4_T_le_v4SPD16_eabi.lib</file>
         <name>copy_zero_init.c.obj</name>
      </input_file>
      <input_file id="fl-ce">
         <path>C:\ti\ccs1000\ccs\tools\compiler\ti-cgt-arm_20.2.0.LTS\lib\</path>
         <kind>archive</kind>
         <file>rtsv7M4_T_le_v4SPD16_eabi.lib</file>
         <name>copy_decompress_none.c.obj</name>
      </input_file>
      <input_file id="fl-cf">
         <path>C:\ti\ccs1000\ccs\tools\compiler\ti-cgt-arm_20.2.0.LTS\lib\</path>
         <kind>archive</kind>
         <file>rtsv7M4_T_le_v4SPD16_eabi.lib</file>
         <name>copy_decompress_lzss.c.obj</name>
      </input_file>
      <input_file id="fl-d0">
         <path>C:\ti\ccs1000\ccs\tools\compiler\ti-cgt-arm_20.2.0.LTS\lib\</path>
         <kind>archive</kind>
         <file>rtsv7M4_T_le_v4SPD16_eabi.lib</file>
         <name>boot_cortex_m.c.obj</name>
      </input_file>
      <input_file id="fl-d1">
         <path>C:\ti\ccs1000\ccs\tools\compiler\ti-cgt-arm_20.2.0.LTS\lib\</path>
         <kind>archive</kind>
         <file>rtsv7M4_T_le_v4SPD16_eabi.lib</file>
         <name>div0.asm.obj</name>
      </input_file>
      <input_file id="fl-d2">
         <path>C:\ti\ccs1000\ccs\tools\compiler\ti-cgt-arm_20.2.0.LTS\lib\</path>
         <kind>archive</kind>
         <file>rtsv7M4_T_le_v4SPD16_eabi.lib</file>
         <name>memcpy_t2.asm.obj</name>
      </input_file>
      <input_file id="fl-d3">
         <path>C:\ti\ccs1000\ccs\tools\compiler\ti-cgt-arm_20.2.0.LTS\lib\</path>
         <kind>archive</kind>
         <file>rtsv7M4_T_le_v4SPD16_eabi.lib</file>
         <name>memset_t2.asm.obj</name>
      </input_file>
      <input_file id="fl-d4">
         <path>C:\ti\ccs1000\ccs\tools\compiler\ti-cgt-arm_20.2.0.LTS\lib\</path>
         <kind>archive</kind>
         <file>rtsv7M4_T_le_v4SPD16_eabi.lib</file>
         <name>autoinit.c.obj</name>
      </input_file>
      <input_file id="fl-d5">
         <path>C:\ti\ccs1000\ccs\tools\compiler\ti-cgt-arm_20.2.0.LTS\lib\</path>
         <kind>archive</kind>
         <file>rtsv7M4_T_le_v4SPD16_eabi.lib</file>
         <name>pre_init.c.obj</name>
      </input_file>
      <input_file id="fl-d6">
         <path>C:\ti\ccs1000\ccs\tools\compiler\ti-cgt-arm_20.2.0.LTS\lib\</path>
         <kind>archive</kind>
         <file>rtsv7M4_T_le_v4SPD16_eabi.lib</file>
         <name>cpy_tbl.c.obj</name>
      </input_file>
      <input_file id="fl-d7">
         <path>C:\ti\ccs1000\ccs\tools\compiler\ti-cgt-arm_20.2.0.LTS\lib\</path>
         <kind>archive</kind>
         <file>rtsv7M4_T_le_v4SPD16_eabi.lib</file>
         <name>exit.c.obj</name>
      </input_file>
      <input_file id="fl-d8">
         <path>C:\ti\ccs1000\ccs\tools\compiler\ti-cgt-arm_20.2.0.LTS\lib\</path>
         <kind>archive</kind>
         <file>rtsv7M4_T_le_v4SPD16_eabi.lib</file>
         <name>_lock.c.obj</name>
      </input_file>
      <input_file id="fl-d9">
         <path>C:\ti\ccs1000\ccs\tools\compiler\ti-cgt-arm_20.2.0.LTS\lib\</path>
         <kind>archive</kind>
         <file>rtsv7M4_T_le_v4SPD16_eabi.lib</file>
         <name>args_main.c.obj</name>
      </input_file>
   </input_file_list>
   <object_component_list>
      <object_component id="oc-12">
         <name>.intvecs</name>
         <load_address>0x0</load_address>
         <run_address>0x0</run_address>
         <size>0x26c</size>
         <input_file_ref idref="fl-3"/>
      </object_component>
      <object_component id="oc-2d">
         <name>.text</name>
         <load_address>0x26c</load_address>
         <run_address>0x26c</run_address>
         <size>0x6e4</size>
         <input_file_ref idref="fl-2"/>
      </object_component>
      <object_component id="oc-80">
         <name>.text</name>
         <load_address>0x950</load_address>
         <run_address>0x950</run_address>
         <size>0x4dc</size>
         <input_file_ref idref="fl-4"/>
      </object_component>
      <object_component id="oc-158">
         <name>.text</name>
         <load_address>0xe2c</load_address>
         <run_address>0xe2c</run_address>
         <size>0x1b6</size>
         <input_file_ref idref="fl-c7"/>
      </object_component>
      <object_component id="oc-126">
         <name>.text</name>
         <load_address>0xfe2</load_address>
         <run_address>0xfe2</run_address>
         <size>0x136</size>
         <input_file_ref idref="fl-c8"/>
      </object_component>
      <object_component id="oc-1e6">
         <name>.text:GPIOPadConfigSet</name>
         <load_address>0x1118</load_address>
         <run_address>0x1118</run_address>
         <size>0x132</size>
         <input_file_ref idref="fl-a"/>
      </object_component>
      <object_component id="oc-270">
         <name>.text</name>
         <load_address>0x124a</load_address>
         <run_address>0x124a</run_address>
         <size>0x2</size>
         <input_file_ref idref="fl-d1"/>
      </object_component>
      <object_component id="oc-7a">
         <name>.text:SysCtlClockGet</name>
         <load_address>0x124c</load_address>
         <run_address>0x124c</run_address>
         <size>0x110</size>
         <input_file_ref idref="fl-e"/>
      </object_component>
      <object_component id="oc-121">
         <name>.text</name>
         <load_address>0x135c</load_address>
         <run_address>0x135c</run_address>
         <size>0xfc</size>
         <input_file_ref idref="fl-c9"/>
      </object_component>
      <object_component id="oc-74">
         <name>.text:SysCtlClockSet</name>
         <load_address>0x1458</load_address>
         <run_address>0x1458</run_address>
         <size>0xf4</size>
         <input_file_ref idref="fl-e"/>
      </object_component>
      <object_component id="oc-41">
         <name>.text</name>
         <load_address>0x154c</load_address>
         <run_address>0x154c</run_address>
         <size>0x9c</size>
         <input_file_ref idref="fl-d2"/>
      </object_component>
      <object_component id="oc-12b">
         <name>.text</name>
         <load_address>0x15e8</load_address>
         <run_address>0x15e8</run_address>
         <size>0x6e</size>
         <input_file_ref idref="fl-ca"/>
      </object_component>
      <object_component id="oc-104">
         <name>.text:IntEnable</name>
         <load_address>0x1658</load_address>
         <run_address>0x1658</run_address>
         <size>0x68</size>
         <input_file_ref idref="fl-b"/>
      </object_component>
      <object_component id="oc-15">
         <name>.text:decompress:lzss:__TI_decompress_lzss</name>
         <load_address>0x16c0</load_address>
         <run_address>0x16c0</run_address>
         <size>0x68</size>
         <input_file_ref idref="fl-cf"/>
      </object_component>
      <object_component id="oc-8c">
         <name>.text:TimerConfigure</name>
         <load_address>0x1728</load_address>
         <run_address>0x1728</run_address>
         <size>0x60</size>
         <input_file_ref idref="fl-f"/>
      </object_component>
      <object_component id="oc-98">
         <name>.text:GPIOIntTypeSet</name>
         <load_address>0x1788</load_address>
         <run_address>0x1788</run_address>
         <size>0x56</size>
         <input_file_ref idref="fl-a"/>
      </object_component>
      <object_component id="oc-92">
         <name>.text:GPIOPinConfigure</name>
         <load_address>0x17e0</load_address>
         <run_address>0x17e0</run_address>
         <size>0x48</size>
         <input_file_ref idref="fl-a"/>
      </object_component>
      <object_component id="oc-1c9">
         <name>.text:_GPIOIntNumberGet</name>
         <load_address>0x1828</load_address>
         <run_address>0x1828</run_address>
         <size>0x44</size>
         <input_file_ref idref="fl-a"/>
      </object_component>
      <object_component id="oc-22f">
         <name>.text:__TI_auto_init_nobinit_nopinit:__TI_auto_init_nobinit_nopinit</name>
         <load_address>0x186c</load_address>
         <run_address>0x186c</run_address>
         <size>0x44</size>
         <input_file_ref idref="fl-d4"/>
      </object_component>
      <object_component id="oc-1b1">
         <name>.text</name>
         <load_address>0x18b0</load_address>
         <run_address>0x18b0</run_address>
         <size>0x40</size>
         <input_file_ref idref="fl-cc"/>
      </object_component>
      <object_component id="oc-11c">
         <name>.text</name>
         <load_address>0x18f0</load_address>
         <run_address>0x18f0</run_address>
         <size>0x38</size>
         <input_file_ref idref="fl-cb"/>
      </object_component>
      <object_component id="oc-1cf">
         <name>.text:IntRegister</name>
         <load_address>0x1928</load_address>
         <run_address>0x1928</run_address>
         <size>0x34</size>
         <input_file_ref idref="fl-b"/>
      </object_component>
      <object_component id="oc-86">
         <name>.text:SysCtlPeripheralEnable</name>
         <load_address>0x195c</load_address>
         <run_address>0x195c</run_address>
         <size>0x34</size>
         <input_file_ref idref="fl-e"/>
      </object_component>
      <object_component id="oc-5f">
         <name>.text:_c_int00_noargs:_c_int00_noargs</name>
         <load_address>0x1990</load_address>
         <run_address>0x1990</run_address>
         <size>0x34</size>
         <input_file_ref idref="fl-d0"/>
      </object_component>
      <object_component id="oc-1e0">
         <name>.text:GPIODirModeSet</name>
         <load_address>0x19c4</load_address>
         <run_address>0x19c4</run_address>
         <size>0x2a</size>
         <input_file_ref idref="fl-a"/>
      </object_component>
      <object_component id="oc-c8">
         <name>.text:PWMGenConfigure</name>
         <load_address>0x19ee</load_address>
         <run_address>0x19ee</run_address>
         <size>0x22</size>
         <input_file_ref idref="fl-c"/>
      </object_component>
      <object_component id="oc-130">
         <name>.text:PWMPulseWidthSet</name>
         <load_address>0x1a10</load_address>
         <run_address>0x1a10</run_address>
         <size>0x1e</size>
         <input_file_ref idref="fl-c"/>
      </object_component>
      <object_component id="oc-4d">
         <name>.text:decompress:ZI:__TI_zero_init_nomemset:__TI_zero_init_nomemset</name>
         <load_address>0x1a2e</load_address>
         <run_address>0x1a2e</run_address>
         <size>0x1c</size>
         <input_file_ref idref="fl-cd"/>
      </object_component>
      <object_component id="oc-9e">
         <name>.text:GPIOIntRegister</name>
         <load_address>0x1a4a</load_address>
         <run_address>0x1a4a</run_address>
         <size>0x18</size>
         <input_file_ref idref="fl-a"/>
      </object_component>
      <object_component id="oc-bc">
         <name>.text:SysCtlPWMClockSet</name>
         <load_address>0x1a64</load_address>
         <run_address>0x1a64</run_address>
         <size>0x14</size>
         <input_file_ref idref="fl-e"/>
      </object_component>
      <object_component id="oc-c2">
         <name>.text:GPIOPinTypePWM</name>
         <load_address>0x1a78</load_address>
         <run_address>0x1a78</run_address>
         <size>0x12</size>
         <input_file_ref idref="fl-a"/>
      </object_component>
      <object_component id="oc-da">
         <name>.text:GPIOPinTypeQEI</name>
         <load_address>0x1a8a</load_address>
         <run_address>0x1a8a</run_address>
         <size>0x12</size>
         <input_file_ref idref="fl-a"/>
      </object_component>
      <object_component id="oc-b6">
         <name>.text:GPIOPinTypeUART</name>
         <load_address>0x1a9c</load_address>
         <run_address>0x1a9c</run_address>
         <size>0x12</size>
         <input_file_ref idref="fl-a"/>
      </object_component>
      <object_component id="oc-116">
         <name>.text:PWMOutputState</name>
         <load_address>0x1aae</load_address>
         <run_address>0x1aae</run_address>
         <size>0x12</size>
         <input_file_ref idref="fl-c"/>
      </object_component>
      <object_component id="oc-fe">
         <name>.text:TimerLoadSet</name>
         <load_address>0x1ac0</load_address>
         <run_address>0x1ac0</run_address>
         <size>0x12</size>
         <input_file_ref idref="fl-f"/>
      </object_component>
      <object_component id="oc-aa">
         <name>.text:IntMasterEnable</name>
         <load_address>0x1ad2</load_address>
         <run_address>0x1ad2</run_address>
         <size>0x10</size>
         <input_file_ref idref="fl-b"/>
      </object_component>
      <object_component id="oc-ce">
         <name>.text:PWMGenPeriodSet</name>
         <load_address>0x1ae2</load_address>
         <run_address>0x1ae2</run_address>
         <size>0x10</size>
         <input_file_ref idref="fl-c"/>
      </object_component>
      <object_component id="oc-ec">
         <name>.text:QEIConfigure</name>
         <load_address>0x1af2</load_address>
         <run_address>0x1af2</run_address>
         <size>0xe</size>
         <input_file_ref idref="fl-d"/>
      </object_component>
      <object_component id="oc-110">
         <name>.text:TimerEnable</name>
         <load_address>0x1b00</load_address>
         <run_address>0x1b00</run_address>
         <size>0xe</size>
         <input_file_ref idref="fl-f"/>
      </object_component>
      <object_component id="oc-1b">
         <name>.text:decompress:none:__TI_decompress_none</name>
         <load_address>0x1b0e</load_address>
         <run_address>0x1b0e</run_address>
         <size>0xe</size>
         <input_file_ref idref="fl-ce"/>
      </object_component>
      <object_component id="oc-1d7">
         <name>.text:CPUcpsie</name>
         <load_address>0x1b1c</load_address>
         <run_address>0x1b1c</run_address>
         <size>0xc</size>
         <input_file_ref idref="fl-11"/>
      </object_component>
      <object_component id="oc-a4">
         <name>.text:GPIOIntEnable</name>
         <load_address>0x1b28</load_address>
         <run_address>0x1b28</run_address>
         <size>0xc</size>
         <input_file_ref idref="fl-a"/>
      </object_component>
      <object_component id="oc-d4">
         <name>.text:PWMGenEnable</name>
         <load_address>0x1b34</load_address>
         <run_address>0x1b34</run_address>
         <size>0xc</size>
         <input_file_ref idref="fl-c"/>
      </object_component>
      <object_component id="oc-27">
         <name>.text</name>
         <load_address>0x1b40</load_address>
         <run_address>0x1b40</run_address>
         <size>0xc</size>
         <input_file_ref idref="fl-3"/>
      </object_component>
      <object_component id="oc-e0">
         <name>.text:QEIDisable</name>
         <load_address>0x1b4c</load_address>
         <run_address>0x1b4c</run_address>
         <size>0xa</size>
         <input_file_ref idref="fl-d"/>
      </object_component>
      <object_component id="oc-f2">
         <name>.text:QEIEnable</name>
         <load_address>0x1b56</load_address>
         <run_address>0x1b56</run_address>
         <size>0xa</size>
         <input_file_ref idref="fl-d"/>
      </object_component>
      <object_component id="oc-e6">
         <name>.text:QEIIntDisable</name>
         <load_address>0x1b60</load_address>
         <run_address>0x1b60</run_address>
         <size>0xa</size>
         <input_file_ref idref="fl-d"/>
      </object_component>
      <object_component id="oc-10a">
         <name>.text:TimerIntEnable</name>
         <load_address>0x1b6a</load_address>
         <run_address>0x1b6a</run_address>
         <size>0x8</size>
         <input_file_ref idref="fl-f"/>
      </object_component>
      <object_component id="oc-139">
         <name>.text:GPIOIntClear</name>
         <load_address>0x1b72</load_address>
         <run_address>0x1b72</run_address>
         <size>0x6</size>
         <input_file_ref idref="fl-a"/>
      </object_component>
      <object_component id="oc-19c">
         <name>.text:SysCtlDelay</name>
         <load_address>0x1b78</load_address>
         <run_address>0x1b78</run_address>
         <size>0x6</size>
         <input_file_ref idref="fl-e"/>
      </object_component>
      <object_component id="oc-b0">
         <name>.text:UARTClockSourceSet</name>
         <load_address>0x1b7e</load_address>
         <run_address>0x1b7e</run_address>
         <size>0x6</size>
         <input_file_ref idref="fl-10"/>
      </object_component>
      <object_component id="oc-13f">
         <name>.text:QEIPositionGet</name>
         <load_address>0x1b84</load_address>
         <run_address>0x1b84</run_address>
         <size>0x4</size>
         <input_file_ref idref="fl-d"/>
      </object_component>
      <object_component id="oc-f8">
         <name>.text:QEIPositionSet</name>
         <load_address>0x1b88</load_address>
         <run_address>0x1b88</run_address>
         <size>0x4</size>
         <input_file_ref idref="fl-d"/>
      </object_component>
      <object_component id="oc-148">
         <name>.text:TimerIntClear</name>
         <load_address>0x1b8c</load_address>
         <run_address>0x1b8c</run_address>
         <size>0x4</size>
         <input_file_ref idref="fl-f"/>
      </object_component>
      <object_component id="oc-18a">
         <name>.text:_system_pre_init</name>
         <load_address>0x1b90</load_address>
         <run_address>0x1b90</run_address>
         <size>0x4</size>
         <input_file_ref idref="fl-d5"/>
      </object_component>
      <object_component id="oc-223">
         <name>.text:abort:abort</name>
         <load_address>0x1b94</load_address>
         <run_address>0x1b94</run_address>
         <size>0x4</size>
         <input_file_ref idref="fl-d7"/>
      </object_component>
      <object_component id="oc-284">
         <name>.const:g_ppui32GPIOIntMapSnowflake</name>
         <load_address>0x1b98</load_address>
         <run_address>0x1b98</run_address>
         <size>0xd8</size>
         <input_file_ref idref="fl-a"/>
      </object_component>
      <object_component id="oc-281">
         <name>.const:g_ppui32GPIOIntMapBlizzard</name>
         <load_address>0x1c70</load_address>
         <run_address>0x1c70</run_address>
         <size>0xc0</size>
         <input_file_ref idref="fl-a"/>
      </object_component>
      <object_component id="oc-1c3">
         <name>.const:g_pui32GPIOBaseAddrs</name>
         <load_address>0x1d30</load_address>
         <run_address>0x1d30</run_address>
         <size>0x90</size>
         <input_file_ref idref="fl-a"/>
      </object_component>
      <object_component id="oc-1fb">
         <name>.const</name>
         <load_address>0x1dc0</load_address>
         <run_address>0x1dc0</run_address>
         <size>0x70</size>
         <input_file_ref idref="fl-b"/>
      </object_component>
      <object_component id="oc-1a4">
         <name>.const:g_pui32Xtals</name>
         <load_address>0x1e30</load_address>
         <run_address>0x1e30</run_address>
         <size>0x6c</size>
         <input_file_ref idref="fl-e"/>
      </object_component>
      <object_component id="oc-276">
         <name>.const:.string</name>
         <load_address>0x1e9c</load_address>
         <run_address>0x1e9c</run_address>
         <size>0x12</size>
         <input_file_ref idref="fl-4"/>
      </object_component>
      <object_component id="oc-1ae">
         <name>.const:g_ui32UARTBase</name>
         <load_address>0x1eb0</load_address>
         <run_address>0x1eb0</run_address>
         <size>0xc</size>
         <input_file_ref idref="fl-4"/>
      </object_component>
      <object_component id="oc-1a8">
         <name>.const:g_ui32UARTPeriph</name>
         <load_address>0x1ebc</load_address>
         <run_address>0x1ebc</run_address>
         <size>0xc</size>
         <input_file_ref idref="fl-4"/>
      </object_component>
      <object_component id="oc-1b6">
         <name>.const</name>
         <load_address>0x1ec8</load_address>
         <run_address>0x1ec8</run_address>
         <size>0x4</size>
         <input_file_ref idref="fl-4"/>
      </object_component>
      <object_component id="oc-319">
         <name>__TI_handler_table</name>
         <load_address>0x1ed0</load_address>
         <run_address>0x1ed0</run_address>
         <size>0xc</size>
      </object_component>
      <object_component id="oc-31d">
         <name>.cinit..bss.load</name>
         <load_address>0x1ee0</load_address>
         <run_address>0x1ee0</run_address>
         <size>0x8</size>
      </object_component>
      <object_component id="oc-31b">
         <name>.cinit..vtable.load</name>
         <load_address>0x1ee8</load_address>
         <run_address>0x1ee8</run_address>
         <size>0x8</size>
      </object_component>
      <object_component id="oc-31c">
         <name>.cinit..data.load</name>
         <load_address>0x1ef0</load_address>
         <run_address>0x1ef0</run_address>
         <size>0x7</size>
      </object_component>
      <object_component id="oc-31a">
         <name>__TI_cinit_table</name>
         <load_address>0x1ef8</load_address>
         <run_address>0x1ef8</run_address>
         <size>0x18</size>
      </object_component>
      <object_component id="oc-288">
         <name>.vtable</name>
         <uninitialized>true</uninitialized>
         <run_address>0x20000000</run_address>
         <size>0x26c</size>
         <input_file_ref idref="fl-b"/>
      </object_component>
      <object_component id="oc-1ab">
         <name>.data</name>
         <load_address>0x2000030c</load_address>
         <run_address>0x2000030c</run_address>
         <size>0x5</size>
         <input_file_ref idref="fl-4"/>
      </object_component>
      <object_component id="oc-136">
         <name>.common:Period</name>
         <uninitialized>true</uninitialized>
         <run_address>0x200002e4</run_address>
         <size>0x4</size>
      </object_component>
      <object_component id="oc-14e">
         <name>.common:pos</name>
         <uninitialized>true</uninitialized>
         <run_address>0x20000308</run_address>
         <size>0x2</size>
      </object_component>
      <object_component id="oc-14f">
         <name>.common:pos_d</name>
         <uninitialized>true</uninitialized>
         <run_address>0x2000030a</run_address>
         <size>0x2</size>
      </object_component>
      <object_component id="oc-150">
         <name>.common:error</name>
         <uninitialized>true</uninitialized>
         <run_address>0x200002f0</run_address>
         <size>0x4</size>
      </object_component>
      <object_component id="oc-145">
         <name>.common:u</name>
         <uninitialized>true</uninitialized>
         <run_address>0x20000300</run_address>
         <size>0x4</size>
      </object_component>
      <object_component id="oc-147">
         <name>.common:val</name>
         <uninitialized>true</uninitialized>
         <run_address>0x20000304</run_address>
         <size>0x4</size>
      </object_component>
      <object_component id="oc-154">
         <name>.common:Kp</name>
         <uninitialized>true</uninitialized>
         <run_address>0x200002e0</run_address>
         <size>0x4</size>
      </object_component>
      <object_component id="oc-156">
         <name>.common:Kd</name>
         <uninitialized>true</uninitialized>
         <run_address>0x200002d8</run_address>
         <size>0x4</size>
      </object_component>
      <object_component id="oc-155">
         <name>.common:Ki</name>
         <uninitialized>true</uninitialized>
         <run_address>0x200002dc</run_address>
         <size>0x4</size>
      </object_component>
      <object_component id="oc-151">
         <name>.common:error_i</name>
         <uninitialized>true</uninitialized>
         <run_address>0x200002f8</run_address>
         <size>0x4</size>
      </object_component>
      <object_component id="oc-152">
         <name>.common:error_d</name>
         <uninitialized>true</uninitialized>
         <run_address>0x200002f4</run_address>
         <size>0x4</size>
      </object_component>
      <object_component id="oc-153">
         <name>.common:error_old</name>
         <uninitialized>true</uninitialized>
         <run_address>0x200002fc</run_address>
         <size>0x4</size>
      </object_component>
      <object_component id="oc-157">
         <name>.common:dt</name>
         <uninitialized>true</uninitialized>
         <run_address>0x200002ec</run_address>
         <size>0x4</size>
      </object_component>
      <object_component id="oc-146">
         <name>.common:antiWindup</name>
         <uninitialized>true</uninitialized>
         <run_address>0x200002e8</run_address>
         <size>0x4</size>
      </object_component>
      <object_component id="oc-24">
         <name>.stack</name>
         <uninitialized>true</uninitialized>
         <run_address>0x20000270</run_address>
         <size>0x4</size>
         <input_file_ref idref="fl-d0"/>
      </object_component>
      <object_component id="oc-31f">
         <name>.stack</name>
         <uninitialized>true</uninitialized>
         <run_address>0x20000270</run_address>
         <size>0x0</size>
      </object_component>
      <object_component id="oc-137">
         <name>.debug_info</name>
         <load_address>0x0</load_address>
         <run_address>0x0</run_address>
         <size>0xac7</size>
         <input_file_ref idref="fl-2"/>
      </object_component>
      <object_component id="oc-2e">
         <name>.debug_info</name>
         <load_address>0xac7</load_address>
         <run_address>0xac7</run_address>
         <size>0xae8</size>
         <input_file_ref idref="fl-2"/>
      </object_component>
      <object_component id="oc-16a">
         <name>.debug_info</name>
         <load_address>0x15af</load_address>
         <run_address>0x15af</run_address>
         <size>0x26b</size>
         <input_file_ref idref="fl-2"/>
      </object_component>
      <object_component id="oc-15e">
         <name>.debug_info</name>
         <load_address>0x181a</load_address>
         <run_address>0x181a</run_address>
         <size>0x8b</size>
         <input_file_ref idref="fl-2"/>
      </object_component>
      <object_component id="oc-20e">
         <name>.debug_info</name>
         <load_address>0x18a5</load_address>
         <run_address>0x18a5</run_address>
         <size>0x2a4</size>
         <input_file_ref idref="fl-2"/>
      </object_component>
      <object_component id="oc-163">
         <name>.debug_info</name>
         <load_address>0x1b49</load_address>
         <run_address>0x1b49</run_address>
         <size>0xbb</size>
         <input_file_ref idref="fl-2"/>
      </object_component>
      <object_component id="oc-1bb">
         <name>.debug_info</name>
         <load_address>0x1c04</load_address>
         <run_address>0x1c04</run_address>
         <size>0x2c</size>
         <input_file_ref idref="fl-2"/>
      </object_component>
      <object_component id="oc-35">
         <name>.debug_info</name>
         <load_address>0x1c30</load_address>
         <run_address>0x1c30</run_address>
         <size>0x302</size>
         <input_file_ref idref="fl-3"/>
      </object_component>
      <object_component id="oc-13">
         <name>.debug_info</name>
         <load_address>0x1f32</load_address>
         <run_address>0x1f32</run_address>
         <size>0xed</size>
         <input_file_ref idref="fl-3"/>
      </object_component>
      <object_component id="oc-28">
         <name>.debug_info</name>
         <load_address>0x201f</load_address>
         <run_address>0x201f</run_address>
         <size>0x269</size>
         <input_file_ref idref="fl-3"/>
      </object_component>
      <object_component id="oc-3c">
         <name>.debug_info</name>
         <load_address>0x2288</load_address>
         <run_address>0x2288</run_address>
         <size>0x84</size>
         <input_file_ref idref="fl-3"/>
      </object_component>
      <object_component id="oc-1ba">
         <name>.debug_info</name>
         <load_address>0x230c</load_address>
         <run_address>0x230c</run_address>
         <size>0x298</size>
         <input_file_ref idref="fl-4"/>
      </object_component>
      <object_component id="oc-1ac">
         <name>.debug_info</name>
         <load_address>0x25a4</load_address>
         <run_address>0x25a4</run_address>
         <size>0xd9</size>
         <input_file_ref idref="fl-4"/>
      </object_component>
      <object_component id="oc-1b7">
         <name>.debug_info</name>
         <load_address>0x267d</load_address>
         <run_address>0x267d</run_address>
         <size>0xd3</size>
         <input_file_ref idref="fl-4"/>
      </object_component>
      <object_component id="oc-1af">
         <name>.debug_info</name>
         <load_address>0x2750</load_address>
         <run_address>0x2750</run_address>
         <size>0xe1</size>
         <input_file_ref idref="fl-4"/>
      </object_component>
      <object_component id="oc-1a9">
         <name>.debug_info</name>
         <load_address>0x2831</load_address>
         <run_address>0x2831</run_address>
         <size>0xe5</size>
         <input_file_ref idref="fl-4"/>
      </object_component>
      <object_component id="oc-81">
         <name>.debug_info</name>
         <load_address>0x2916</load_address>
         <run_address>0x2916</run_address>
         <size>0x701</size>
         <input_file_ref idref="fl-4"/>
      </object_component>
      <object_component id="oc-1c7">
         <name>.debug_info</name>
         <load_address>0x3017</load_address>
         <run_address>0x3017</run_address>
         <size>0x240</size>
         <input_file_ref idref="fl-a"/>
      </object_component>
      <object_component id="oc-282">
         <name>.debug_info</name>
         <load_address>0x3257</load_address>
         <run_address>0x3257</run_address>
         <size>0x167</size>
         <input_file_ref idref="fl-a"/>
      </object_component>
      <object_component id="oc-285">
         <name>.debug_info</name>
         <load_address>0x33be</load_address>
         <run_address>0x33be</run_address>
         <size>0x169</size>
         <input_file_ref idref="fl-a"/>
      </object_component>
      <object_component id="oc-1c4">
         <name>.debug_info</name>
         <load_address>0x3527</load_address>
         <run_address>0x3527</run_address>
         <size>0x15b</size>
         <input_file_ref idref="fl-a"/>
      </object_component>
      <object_component id="oc-1e1">
         <name>.debug_info</name>
         <load_address>0x3682</load_address>
         <run_address>0x3682</run_address>
         <size>0x2b3</size>
         <input_file_ref idref="fl-a"/>
      </object_component>
      <object_component id="oc-1e7">
         <name>.debug_info</name>
         <load_address>0x3935</load_address>
         <run_address>0x3935</run_address>
         <size>0x316</size>
         <input_file_ref idref="fl-a"/>
      </object_component>
      <object_component id="oc-b7">
         <name>.debug_info</name>
         <load_address>0x3c4b</load_address>
         <run_address>0x3c4b</run_address>
         <size>0x27b</size>
         <input_file_ref idref="fl-a"/>
      </object_component>
      <object_component id="oc-db">
         <name>.debug_info</name>
         <load_address>0x3ec6</load_address>
         <run_address>0x3ec6</run_address>
         <size>0x279</size>
         <input_file_ref idref="fl-a"/>
      </object_component>
      <object_component id="oc-c3">
         <name>.debug_info</name>
         <load_address>0x413f</load_address>
         <run_address>0x413f</run_address>
         <size>0x279</size>
         <input_file_ref idref="fl-a"/>
      </object_component>
      <object_component id="oc-93">
         <name>.debug_info</name>
         <load_address>0x43b8</load_address>
         <run_address>0x43b8</run_address>
         <size>0x280</size>
         <input_file_ref idref="fl-a"/>
      </object_component>
      <object_component id="oc-1ca">
         <name>.debug_info</name>
         <load_address>0x4638</load_address>
         <run_address>0x4638</run_address>
         <size>0x298</size>
         <input_file_ref idref="fl-a"/>
      </object_component>
      <object_component id="oc-99">
         <name>.debug_info</name>
         <load_address>0x48d0</load_address>
         <run_address>0x48d0</run_address>
         <size>0x2bb</size>
         <input_file_ref idref="fl-a"/>
      </object_component>
      <object_component id="oc-9f">
         <name>.debug_info</name>
         <load_address>0x4b8b</load_address>
         <run_address>0x4b8b</run_address>
         <size>0x2cf</size>
         <input_file_ref idref="fl-a"/>
      </object_component>
      <object_component id="oc-a5">
         <name>.debug_info</name>
         <load_address>0x4e5a</load_address>
         <run_address>0x4e5a</run_address>
         <size>0x28f</size>
         <input_file_ref idref="fl-a"/>
      </object_component>
      <object_component id="oc-13a">
         <name>.debug_info</name>
         <load_address>0x50e9</load_address>
         <run_address>0x50e9</run_address>
         <size>0x28d</size>
         <input_file_ref idref="fl-a"/>
      </object_component>
      <object_component id="oc-19e">
         <name>.debug_info</name>
         <load_address>0x5376</load_address>
         <run_address>0x5376</run_address>
         <size>0x18b</size>
         <input_file_ref idref="fl-a"/>
      </object_component>
      <object_component id="oc-1ff">
         <name>.debug_info</name>
         <load_address>0x5501</load_address>
         <run_address>0x5501</run_address>
         <size>0x20e</size>
         <input_file_ref idref="fl-b"/>
      </object_component>
      <object_component id="oc-1fc">
         <name>.debug_info</name>
         <load_address>0x570f</load_address>
         <run_address>0x570f</run_address>
         <size>0x210</size>
         <input_file_ref idref="fl-b"/>
      </object_component>
      <object_component id="oc-289">
         <name>.debug_info</name>
         <load_address>0x591f</load_address>
         <run_address>0x591f</run_address>
         <size>0x157</size>
         <input_file_ref idref="fl-b"/>
      </object_component>
      <object_component id="oc-1d0">
         <name>.debug_info</name>
         <load_address>0x5a76</load_address>
         <run_address>0x5a76</run_address>
         <size>0x2c1</size>
         <input_file_ref idref="fl-b"/>
      </object_component>
      <object_component id="oc-ab">
         <name>.debug_info</name>
         <load_address>0x5d37</load_address>
         <run_address>0x5d37</run_address>
         <size>0x23e</size>
         <input_file_ref idref="fl-b"/>
      </object_component>
      <object_component id="oc-105">
         <name>.debug_info</name>
         <load_address>0x5f75</load_address>
         <run_address>0x5f75</run_address>
         <size>0x268</size>
         <input_file_ref idref="fl-b"/>
      </object_component>
      <object_component id="oc-1f0">
         <name>.debug_info</name>
         <load_address>0x61dd</load_address>
         <run_address>0x61dd</run_address>
         <size>0x1ed</size>
         <input_file_ref idref="fl-c"/>
      </object_component>
      <object_component id="oc-133">
         <name>.debug_info</name>
         <load_address>0x63ca</load_address>
         <run_address>0x63ca</run_address>
         <size>0x2f6</size>
         <input_file_ref idref="fl-c"/>
      </object_component>
      <object_component id="oc-119">
         <name>.debug_info</name>
         <load_address>0x66c0</load_address>
         <run_address>0x66c0</run_address>
         <size>0x2c4</size>
         <input_file_ref idref="fl-c"/>
      </object_component>
      <object_component id="oc-d1">
         <name>.debug_info</name>
         <load_address>0x6984</load_address>
         <run_address>0x6984</run_address>
         <size>0x2b6</size>
         <input_file_ref idref="fl-c"/>
      </object_component>
      <object_component id="oc-d7">
         <name>.debug_info</name>
         <load_address>0x6c3a</load_address>
         <run_address>0x6c3a</run_address>
         <size>0x276</size>
         <input_file_ref idref="fl-c"/>
      </object_component>
      <object_component id="oc-cb">
         <name>.debug_info</name>
         <load_address>0x6eb0</load_address>
         <run_address>0x6eb0</run_address>
         <size>0x2b3</size>
         <input_file_ref idref="fl-c"/>
      </object_component>
      <object_component id="oc-1f5">
         <name>.debug_info</name>
         <load_address>0x7163</load_address>
         <run_address>0x7163</run_address>
         <size>0x1e8</size>
         <input_file_ref idref="fl-d"/>
      </object_component>
      <object_component id="oc-fa">
         <name>.debug_info</name>
         <load_address>0x734b</load_address>
         <run_address>0x734b</run_address>
         <size>0x28b</size>
         <input_file_ref idref="fl-d"/>
      </object_component>
      <object_component id="oc-141">
         <name>.debug_info</name>
         <load_address>0x75d6</load_address>
         <run_address>0x75d6</run_address>
         <size>0x24d</size>
         <input_file_ref idref="fl-d"/>
      </object_component>
      <object_component id="oc-e8">
         <name>.debug_info</name>
         <load_address>0x7823</load_address>
         <run_address>0x7823</run_address>
         <size>0x28c</size>
         <input_file_ref idref="fl-d"/>
      </object_component>
      <object_component id="oc-f4">
         <name>.debug_info</name>
         <load_address>0x7aaf</load_address>
         <run_address>0x7aaf</run_address>
         <size>0x23f</size>
         <input_file_ref idref="fl-d"/>
      </object_component>
      <object_component id="oc-e2">
         <name>.debug_info</name>
         <load_address>0x7cee</load_address>
         <run_address>0x7cee</run_address>
         <size>0x241</size>
         <input_file_ref idref="fl-d"/>
      </object_component>
      <object_component id="oc-f0">
         <name>.debug_info</name>
         <load_address>0x7f2f</load_address>
         <run_address>0x7f2f</run_address>
         <size>0x2cd</size>
         <input_file_ref idref="fl-d"/>
      </object_component>
      <object_component id="oc-1a3">
         <name>.debug_info</name>
         <load_address>0x81fc</load_address>
         <run_address>0x81fc</run_address>
         <size>0x298</size>
         <input_file_ref idref="fl-e"/>
      </object_component>
      <object_component id="oc-1a5">
         <name>.debug_info</name>
         <load_address>0x8494</load_address>
         <run_address>0x8494</run_address>
         <size>0x14d</size>
         <input_file_ref idref="fl-e"/>
      </object_component>
      <object_component id="oc-88">
         <name>.debug_info</name>
         <load_address>0x85e1</load_address>
         <run_address>0x85e1</run_address>
         <size>0x27d</size>
         <input_file_ref idref="fl-e"/>
      </object_component>
      <object_component id="oc-be">
         <name>.debug_info</name>
         <load_address>0x885e</load_address>
         <run_address>0x885e</run_address>
         <size>0x263</size>
         <input_file_ref idref="fl-e"/>
      </object_component>
      <object_component id="oc-75">
         <name>.debug_info</name>
         <load_address>0x8ac1</load_address>
         <run_address>0x8ac1</run_address>
         <size>0x2db</size>
         <input_file_ref idref="fl-e"/>
      </object_component>
      <object_component id="oc-7b">
         <name>.debug_info</name>
         <load_address>0x8d9c</load_address>
         <run_address>0x8d9c</run_address>
         <size>0x2b5</size>
         <input_file_ref idref="fl-e"/>
      </object_component>
      <object_component id="oc-263">
         <name>.debug_info</name>
         <load_address>0x9051</load_address>
         <run_address>0x9051</run_address>
         <size>0x5f</size>
         <input_file_ref idref="fl-e"/>
      </object_component>
      <object_component id="oc-1c2">
         <name>.debug_info</name>
         <load_address>0x90b0</load_address>
         <run_address>0x90b0</run_address>
         <size>0x223</size>
         <input_file_ref idref="fl-f"/>
      </object_component>
      <object_component id="oc-ff">
         <name>.debug_info</name>
         <load_address>0x92d3</load_address>
         <run_address>0x92d3</run_address>
         <size>0x2ba</size>
         <input_file_ref idref="fl-f"/>
      </object_component>
      <object_component id="oc-10b">
         <name>.debug_info</name>
         <load_address>0x958d</load_address>
         <run_address>0x958d</run_address>
         <size>0x294</size>
         <input_file_ref idref="fl-f"/>
      </object_component>
      <object_component id="oc-149">
         <name>.debug_info</name>
         <load_address>0x9821</load_address>
         <run_address>0x9821</run_address>
         <size>0x292</size>
         <input_file_ref idref="fl-f"/>
      </object_component>
      <object_component id="oc-111">
         <name>.debug_info</name>
         <load_address>0x9ab3</load_address>
         <run_address>0x9ab3</run_address>
         <size>0x27f</size>
         <input_file_ref idref="fl-f"/>
      </object_component>
      <object_component id="oc-8d">
         <name>.debug_info</name>
         <load_address>0x9d32</load_address>
         <run_address>0x9d32</run_address>
         <size>0x28c</size>
         <input_file_ref idref="fl-f"/>
      </object_component>
      <object_component id="oc-1df">
         <name>.debug_info</name>
         <load_address>0x9fbe</load_address>
         <run_address>0x9fbe</run_address>
         <size>0x227</size>
         <input_file_ref idref="fl-10"/>
      </object_component>
      <object_component id="oc-b1">
         <name>.debug_info</name>
         <load_address>0xa1e5</load_address>
         <run_address>0xa1e5</run_address>
         <size>0x291</size>
         <input_file_ref idref="fl-10"/>
      </object_component>
      <object_component id="oc-1db">
         <name>.debug_info</name>
         <load_address>0xa476</load_address>
         <run_address>0xa476</run_address>
         <size>0x212</size>
         <input_file_ref idref="fl-11"/>
      </object_component>
      <object_component id="oc-15b">
         <name>.debug_info</name>
         <load_address>0xa688</load_address>
         <run_address>0xa688</run_address>
         <size>0x14c</size>
         <input_file_ref idref="fl-c7"/>
      </object_component>
      <object_component id="oc-129">
         <name>.debug_info</name>
         <load_address>0xa7d4</load_address>
         <run_address>0xa7d4</run_address>
         <size>0x13a</size>
         <input_file_ref idref="fl-c8"/>
      </object_component>
      <object_component id="oc-124">
         <name>.debug_info</name>
         <load_address>0xa90e</load_address>
         <run_address>0xa90e</run_address>
         <size>0x13a</size>
         <input_file_ref idref="fl-c9"/>
      </object_component>
      <object_component id="oc-12d">
         <name>.debug_info</name>
         <load_address>0xaa48</load_address>
         <run_address>0xaa48</run_address>
         <size>0x13e</size>
         <input_file_ref idref="fl-ca"/>
      </object_component>
      <object_component id="oc-11e">
         <name>.debug_info</name>
         <load_address>0xab86</load_address>
         <run_address>0xab86</run_address>
         <size>0x12c</size>
         <input_file_ref idref="fl-cb"/>
      </object_component>
      <object_component id="oc-1b2">
         <name>.debug_info</name>
         <load_address>0xacb2</load_address>
         <run_address>0xacb2</run_address>
         <size>0x142</size>
         <input_file_ref idref="fl-cc"/>
      </object_component>
      <object_component id="oc-183">
         <name>.debug_info</name>
         <load_address>0xadf4</load_address>
         <run_address>0xadf4</run_address>
         <size>0x2d4</size>
         <input_file_ref idref="fl-cd"/>
      </object_component>
      <object_component id="oc-4f">
         <name>.debug_info</name>
         <load_address>0xb0c8</load_address>
         <run_address>0xb0c8</run_address>
         <size>0x1d2</size>
         <input_file_ref idref="fl-cd"/>
      </object_component>
      <object_component id="oc-17e">
         <name>.debug_info</name>
         <load_address>0xb29a</load_address>
         <run_address>0xb29a</run_address>
         <size>0x46</size>
         <input_file_ref idref="fl-cd"/>
      </object_component>
      <object_component id="oc-21a">
         <name>.debug_info</name>
         <load_address>0xb2e0</load_address>
         <run_address>0xb2e0</run_address>
         <size>0x2c</size>
         <input_file_ref idref="fl-cd"/>
      </object_component>
      <object_component id="oc-4c">
         <name>.debug_info</name>
         <load_address>0xb30c</load_address>
         <run_address>0xb30c</run_address>
         <size>0x2a8</size>
         <input_file_ref idref="fl-ce"/>
      </object_component>
      <object_component id="oc-1f">
         <name>.debug_info</name>
         <load_address>0xb5b4</load_address>
         <run_address>0xb5b4</run_address>
         <size>0x1ea</size>
         <input_file_ref idref="fl-ce"/>
      </object_component>
      <object_component id="oc-47">
         <name>.debug_info</name>
         <load_address>0xb79e</load_address>
         <run_address>0xb79e</run_address>
         <size>0x46</size>
         <input_file_ref idref="fl-ce"/>
      </object_component>
      <object_component id="oc-176">
         <name>.debug_info</name>
         <load_address>0xb7e4</load_address>
         <run_address>0xb7e4</run_address>
         <size>0x2c</size>
         <input_file_ref idref="fl-ce"/>
      </object_component>
      <object_component id="oc-174">
         <name>.debug_info</name>
         <load_address>0xb810</load_address>
         <run_address>0xb810</run_address>
         <size>0x29e</size>
         <input_file_ref idref="fl-cf"/>
      </object_component>
      <object_component id="oc-16">
         <name>.debug_info</name>
         <load_address>0xbaae</load_address>
         <run_address>0xbaae</run_address>
         <size>0x250</size>
         <input_file_ref idref="fl-cf"/>
      </object_component>
      <object_component id="oc-37">
         <name>.debug_info</name>
         <load_address>0xbcfe</load_address>
         <run_address>0xbcfe</run_address>
         <size>0x60</size>
         <input_file_ref idref="fl-cf"/>
      </object_component>
      <object_component id="oc-213">
         <name>.debug_info</name>
         <load_address>0xbd5e</load_address>
         <run_address>0xbd5e</run_address>
         <size>0x46</size>
         <input_file_ref idref="fl-cf"/>
      </object_component>
      <object_component id="oc-16f">
         <name>.debug_info</name>
         <load_address>0xbda4</load_address>
         <run_address>0xbda4</run_address>
         <size>0x39</size>
         <input_file_ref idref="fl-cf"/>
      </object_component>
      <object_component id="oc-25">
         <name>.debug_info</name>
         <load_address>0xbddd</load_address>
         <run_address>0xbddd</run_address>
         <size>0x10b</size>
         <input_file_ref idref="fl-d0"/>
      </object_component>
      <object_component id="oc-61">
         <name>.debug_info</name>
         <load_address>0xbee8</load_address>
         <run_address>0xbee8</run_address>
         <size>0x1a9</size>
         <input_file_ref idref="fl-d0"/>
      </object_component>
      <object_component id="oc-271">
         <name>.debug_info</name>
         <load_address>0xc091</load_address>
         <run_address>0xc091</run_address>
         <size>0x115</size>
         <input_file_ref idref="fl-d1"/>
      </object_component>
      <object_component id="oc-42">
         <name>.debug_info</name>
         <load_address>0xc1a6</load_address>
         <run_address>0xc1a6</run_address>
         <size>0x119</size>
         <input_file_ref idref="fl-d2"/>
      </object_component>
      <object_component id="oc-2a4">
         <name>.debug_info</name>
         <load_address>0xc2bf</load_address>
         <run_address>0xc2bf</run_address>
         <size>0x4b3</size>
         <input_file_ref idref="fl-d4"/>
      </object_component>
      <object_component id="oc-231">
         <name>.debug_info</name>
         <load_address>0xc772</load_address>
         <run_address>0xc772</run_address>
         <size>0x1a6</size>
         <input_file_ref idref="fl-d4"/>
      </object_component>
      <object_component id="oc-2d0">
         <name>.debug_info</name>
         <load_address>0xc918</load_address>
         <run_address>0xc918</run_address>
         <size>0x39</size>
         <input_file_ref idref="fl-d4"/>
      </object_component>
      <object_component id="oc-2e4">
         <name>.debug_info</name>
         <load_address>0xc951</load_address>
         <run_address>0xc951</run_address>
         <size>0x39</size>
         <input_file_ref idref="fl-d4"/>
      </object_component>
      <object_component id="oc-2d5">
         <name>.debug_info</name>
         <load_address>0xc98a</load_address>
         <run_address>0xc98a</run_address>
         <size>0x39</size>
         <input_file_ref idref="fl-d4"/>
      </object_component>
      <object_component id="oc-2da">
         <name>.debug_info</name>
         <load_address>0xc9c3</load_address>
         <run_address>0xc9c3</run_address>
         <size>0xcd</size>
         <input_file_ref idref="fl-d4"/>
      </object_component>
      <object_component id="oc-18b">
         <name>.debug_info</name>
         <load_address>0xca90</load_address>
         <run_address>0xca90</run_address>
         <size>0x153</size>
         <input_file_ref idref="fl-d5"/>
      </object_component>
      <object_component id="oc-225">
         <name>.debug_info</name>
         <load_address>0xcbe3</load_address>
         <run_address>0xcbe3</run_address>
         <size>0x122</size>
         <input_file_ref idref="fl-d7"/>
      </object_component>
      <object_component id="oc-320">
         <name>.debug_info</name>
         <load_address>0xcd05</load_address>
         <run_address>0xcd05</run_address>
         <size>0xa0</size>
      </object_component>
      <object_component id="oc-209">
         <name>.debug_line</name>
         <load_address>0x0</load_address>
         <run_address>0x0</run_address>
         <size>0x1bf</size>
         <input_file_ref idref="fl-2"/>
      </object_component>
      <object_component id="oc-31">
         <name>.debug_line</name>
         <load_address>0x1bf</load_address>
         <run_address>0x1bf</run_address>
         <size>0x1d9</size>
         <input_file_ref idref="fl-2"/>
      </object_component>
      <object_component id="oc-16d">
         <name>.debug_line</name>
         <load_address>0x398</load_address>
         <run_address>0x398</run_address>
         <size>0x6f</size>
         <input_file_ref idref="fl-2"/>
      </object_component>
      <object_component id="oc-161">
         <name>.debug_line</name>
         <load_address>0x407</load_address>
         <run_address>0x407</run_address>
         <size>0x20</size>
         <input_file_ref idref="fl-2"/>
      </object_component>
      <object_component id="oc-211">
         <name>.debug_line</name>
         <load_address>0x427</load_address>
         <run_address>0x427</run_address>
         <size>0x73</size>
         <input_file_ref idref="fl-2"/>
      </object_component>
      <object_component id="oc-166">
         <name>.debug_line</name>
         <load_address>0x49a</load_address>
         <run_address>0x49a</run_address>
         <size>0x70</size>
         <input_file_ref idref="fl-2"/>
      </object_component>
      <object_component id="oc-1be">
         <name>.debug_line</name>
         <load_address>0x50a</load_address>
         <run_address>0x50a</run_address>
         <size>0x6b</size>
         <input_file_ref idref="fl-2"/>
      </object_component>
      <object_component id="oc-169">
         <name>.debug_line</name>
         <load_address>0x575</load_address>
         <run_address>0x575</run_address>
         <size>0x41</size>
         <input_file_ref idref="fl-3"/>
      </object_component>
      <object_component id="oc-34">
         <name>.debug_line</name>
         <load_address>0x5b6</load_address>
         <run_address>0x5b6</run_address>
         <size>0x41</size>
         <input_file_ref idref="fl-3"/>
      </object_component>
      <object_component id="oc-2b">
         <name>.debug_line</name>
         <load_address>0x5f7</load_address>
         <run_address>0x5f7</run_address>
         <size>0xa1</size>
         <input_file_ref idref="fl-3"/>
      </object_component>
      <object_component id="oc-3f">
         <name>.debug_line</name>
         <load_address>0x698</load_address>
         <run_address>0x698</run_address>
         <size>0x20</size>
         <input_file_ref idref="fl-3"/>
      </object_component>
      <object_component id="oc-27a">
         <name>.debug_line</name>
         <load_address>0x6b8</load_address>
         <run_address>0x6b8</run_address>
         <size>0x20</size>
         <input_file_ref idref="fl-4"/>
      </object_component>
      <object_component id="oc-26d">
         <name>.debug_line</name>
         <load_address>0x6d8</load_address>
         <run_address>0x6d8</run_address>
         <size>0x32</size>
         <input_file_ref idref="fl-4"/>
      </object_component>
      <object_component id="oc-278">
         <name>.debug_line</name>
         <load_address>0x70a</load_address>
         <run_address>0x70a</run_address>
         <size>0x32</size>
         <input_file_ref idref="fl-4"/>
      </object_component>
      <object_component id="oc-26f">
         <name>.debug_line</name>
         <load_address>0x73c</load_address>
         <run_address>0x73c</run_address>
         <size>0x32</size>
         <input_file_ref idref="fl-4"/>
      </object_component>
      <object_component id="oc-26b">
         <name>.debug_line</name>
         <load_address>0x76e</load_address>
         <run_address>0x76e</run_address>
         <size>0x32</size>
         <input_file_ref idref="fl-4"/>
      </object_component>
      <object_component id="oc-85">
         <name>.debug_line</name>
         <load_address>0x7a0</load_address>
         <run_address>0x7a0</run_address>
         <size>0x280</size>
         <input_file_ref idref="fl-4"/>
      </object_component>
      <object_component id="oc-280">
         <name>.debug_line</name>
         <load_address>0xa20</load_address>
         <run_address>0xa20</run_address>
         <size>0x82</size>
         <input_file_ref idref="fl-a"/>
      </object_component>
      <object_component id="oc-2bb">
         <name>.debug_line</name>
         <load_address>0xaa2</load_address>
         <run_address>0xaa2</run_address>
         <size>0x7d</size>
         <input_file_ref idref="fl-a"/>
      </object_component>
      <object_component id="oc-2bd">
         <name>.debug_line</name>
         <load_address>0xb1f</load_address>
         <run_address>0xb1f</run_address>
         <size>0x7d</size>
         <input_file_ref idref="fl-a"/>
      </object_component>
      <object_component id="oc-27e">
         <name>.debug_line</name>
         <load_address>0xb9c</load_address>
         <run_address>0xb9c</run_address>
         <size>0x7d</size>
         <input_file_ref idref="fl-a"/>
      </object_component>
      <object_component id="oc-1e4">
         <name>.debug_line</name>
         <load_address>0xc19</load_address>
         <run_address>0xc19</run_address>
         <size>0x95</size>
         <input_file_ref idref="fl-a"/>
      </object_component>
      <object_component id="oc-1ea">
         <name>.debug_line</name>
         <load_address>0xcae</load_address>
         <run_address>0xcae</run_address>
         <size>0xd1</size>
         <input_file_ref idref="fl-a"/>
      </object_component>
      <object_component id="oc-ba">
         <name>.debug_line</name>
         <load_address>0xd7f</load_address>
         <run_address>0xd7f</run_address>
         <size>0x93</size>
         <input_file_ref idref="fl-a"/>
      </object_component>
      <object_component id="oc-de">
         <name>.debug_line</name>
         <load_address>0xe12</load_address>
         <run_address>0xe12</run_address>
         <size>0x93</size>
         <input_file_ref idref="fl-a"/>
      </object_component>
      <object_component id="oc-c6">
         <name>.debug_line</name>
         <load_address>0xea5</load_address>
         <run_address>0xea5</run_address>
         <size>0x93</size>
         <input_file_ref idref="fl-a"/>
      </object_component>
      <object_component id="oc-96">
         <name>.debug_line</name>
         <load_address>0xf38</load_address>
         <run_address>0xf38</run_address>
         <size>0xa7</size>
         <input_file_ref idref="fl-a"/>
      </object_component>
      <object_component id="oc-1cd">
         <name>.debug_line</name>
         <load_address>0xfdf</load_address>
         <run_address>0xfdf</run_address>
         <size>0xa6</size>
         <input_file_ref idref="fl-a"/>
      </object_component>
      <object_component id="oc-9c">
         <name>.debug_line</name>
         <load_address>0x1085</load_address>
         <run_address>0x1085</run_address>
         <size>0x99</size>
         <input_file_ref idref="fl-a"/>
      </object_component>
      <object_component id="oc-a2">
         <name>.debug_line</name>
         <load_address>0x111e</load_address>
         <run_address>0x111e</run_address>
         <size>0x99</size>
         <input_file_ref idref="fl-a"/>
      </object_component>
      <object_component id="oc-a8">
         <name>.debug_line</name>
         <load_address>0x11b7</load_address>
         <run_address>0x11b7</run_address>
         <size>0x92</size>
         <input_file_ref idref="fl-a"/>
      </object_component>
      <object_component id="oc-13d">
         <name>.debug_line</name>
         <load_address>0x1249</load_address>
         <run_address>0x1249</run_address>
         <size>0x92</size>
         <input_file_ref idref="fl-a"/>
      </object_component>
      <object_component id="oc-1a1">
         <name>.debug_line</name>
         <load_address>0x12db</load_address>
         <run_address>0x12db</run_address>
         <size>0x69</size>
         <input_file_ref idref="fl-a"/>
      </object_component>
      <object_component id="oc-298">
         <name>.debug_line</name>
         <load_address>0x1344</load_address>
         <run_address>0x1344</run_address>
         <size>0x7c</size>
         <input_file_ref idref="fl-b"/>
      </object_component>
      <object_component id="oc-296">
         <name>.debug_line</name>
         <load_address>0x13c0</load_address>
         <run_address>0x13c0</run_address>
         <size>0x82</size>
         <input_file_ref idref="fl-b"/>
      </object_component>
      <object_component id="oc-2bf">
         <name>.debug_line</name>
         <load_address>0x1442</load_address>
         <run_address>0x1442</run_address>
         <size>0x82</size>
         <input_file_ref idref="fl-b"/>
      </object_component>
      <object_component id="oc-1d3">
         <name>.debug_line</name>
         <load_address>0x14c4</load_address>
         <run_address>0x14c4</run_address>
         <size>0xaf</size>
         <input_file_ref idref="fl-b"/>
      </object_component>
      <object_component id="oc-ae">
         <name>.debug_line</name>
         <load_address>0x1573</load_address>
         <run_address>0x1573</run_address>
         <size>0x97</size>
         <input_file_ref idref="fl-b"/>
      </object_component>
      <object_component id="oc-108">
         <name>.debug_line</name>
         <load_address>0x160a</load_address>
         <run_address>0x160a</run_address>
         <size>0xc2</size>
         <input_file_ref idref="fl-b"/>
      </object_component>
      <object_component id="oc-292">
         <name>.debug_line</name>
         <load_address>0x16cc</load_address>
         <run_address>0x16cc</run_address>
         <size>0x82</size>
         <input_file_ref idref="fl-c"/>
      </object_component>
      <object_component id="oc-132">
         <name>.debug_line</name>
         <load_address>0x174e</load_address>
         <run_address>0x174e</run_address>
         <size>0x9e</size>
         <input_file_ref idref="fl-c"/>
      </object_component>
      <object_component id="oc-118">
         <name>.debug_line</name>
         <load_address>0x17ec</load_address>
         <run_address>0x17ec</run_address>
         <size>0x95</size>
         <input_file_ref idref="fl-c"/>
      </object_component>
      <object_component id="oc-cf">
         <name>.debug_line</name>
         <load_address>0x1881</load_address>
         <run_address>0x1881</run_address>
         <size>0x96</size>
         <input_file_ref idref="fl-c"/>
      </object_component>
      <object_component id="oc-d6">
         <name>.debug_line</name>
         <load_address>0x1917</load_address>
         <run_address>0x1917</run_address>
         <size>0x91</size>
         <input_file_ref idref="fl-c"/>
      </object_component>
      <object_component id="oc-ca">
         <name>.debug_line</name>
         <load_address>0x19a8</load_address>
         <run_address>0x19a8</run_address>
         <size>0x9b</size>
         <input_file_ref idref="fl-c"/>
      </object_component>
      <object_component id="oc-294">
         <name>.debug_line</name>
         <load_address>0x1a43</load_address>
         <run_address>0x1a43</run_address>
         <size>0x82</size>
         <input_file_ref idref="fl-d"/>
      </object_component>
      <object_component id="oc-fd">
         <name>.debug_line</name>
         <load_address>0x1ac5</load_address>
         <run_address>0x1ac5</run_address>
         <size>0x91</size>
         <input_file_ref idref="fl-d"/>
      </object_component>
      <object_component id="oc-144">
         <name>.debug_line</name>
         <load_address>0x1b56</load_address>
         <run_address>0x1b56</run_address>
         <size>0x91</size>
         <input_file_ref idref="fl-d"/>
      </object_component>
      <object_component id="oc-eb">
         <name>.debug_line</name>
         <load_address>0x1be7</load_address>
         <run_address>0x1be7</run_address>
         <size>0x91</size>
         <input_file_ref idref="fl-d"/>
      </object_component>
      <object_component id="oc-f6">
         <name>.debug_line</name>
         <load_address>0x1c78</load_address>
         <run_address>0x1c78</run_address>
         <size>0x8e</size>
         <input_file_ref idref="fl-d"/>
      </object_component>
      <object_component id="oc-e5">
         <name>.debug_line</name>
         <load_address>0x1d06</load_address>
         <run_address>0x1d06</run_address>
         <size>0x8e</size>
         <input_file_ref idref="fl-d"/>
      </object_component>
      <object_component id="oc-ef">
         <name>.debug_line</name>
         <load_address>0x1d94</load_address>
         <run_address>0x1d94</run_address>
         <size>0x92</size>
         <input_file_ref idref="fl-d"/>
      </object_component>
      <object_component id="oc-262">
         <name>.debug_line</name>
         <load_address>0x1e26</load_address>
         <run_address>0x1e26</run_address>
         <size>0x13d</size>
         <input_file_ref idref="fl-e"/>
      </object_component>
      <object_component id="oc-269">
         <name>.debug_line</name>
         <load_address>0x1f63</load_address>
         <run_address>0x1f63</run_address>
         <size>0x7f</size>
         <input_file_ref idref="fl-e"/>
      </object_component>
      <object_component id="oc-87">
         <name>.debug_line</name>
         <load_address>0x1fe2</load_address>
         <run_address>0x1fe2</run_address>
         <size>0x94</size>
         <input_file_ref idref="fl-e"/>
      </object_component>
      <object_component id="oc-bd">
         <name>.debug_line</name>
         <load_address>0x2076</load_address>
         <run_address>0x2076</run_address>
         <size>0x94</size>
         <input_file_ref idref="fl-e"/>
      </object_component>
      <object_component id="oc-78">
         <name>.debug_line</name>
         <load_address>0x210a</load_address>
         <run_address>0x210a</run_address>
         <size>0xee</size>
         <input_file_ref idref="fl-e"/>
      </object_component>
      <object_component id="oc-7e">
         <name>.debug_line</name>
         <load_address>0x21f8</load_address>
         <run_address>0x21f8</run_address>
         <size>0x11a</size>
         <input_file_ref idref="fl-e"/>
      </object_component>
      <object_component id="oc-266">
         <name>.debug_line</name>
         <load_address>0x2312</load_address>
         <run_address>0x2312</run_address>
         <size>0x7f</size>
         <input_file_ref idref="fl-e"/>
      </object_component>
      <object_component id="oc-27c">
         <name>.debug_line</name>
         <load_address>0x2391</load_address>
         <run_address>0x2391</run_address>
         <size>0x82</size>
         <input_file_ref idref="fl-f"/>
      </object_component>
      <object_component id="oc-103">
         <name>.debug_line</name>
         <load_address>0x2413</load_address>
         <run_address>0x2413</run_address>
         <size>0x9c</size>
         <input_file_ref idref="fl-f"/>
      </object_component>
      <object_component id="oc-10f">
         <name>.debug_line</name>
         <load_address>0x24af</load_address>
         <run_address>0x24af</run_address>
         <size>0x93</size>
         <input_file_ref idref="fl-f"/>
      </object_component>
      <object_component id="oc-14c">
         <name>.debug_line</name>
         <load_address>0x2542</load_address>
         <run_address>0x2542</run_address>
         <size>0x93</size>
         <input_file_ref idref="fl-f"/>
      </object_component>
      <object_component id="oc-115">
         <name>.debug_line</name>
         <load_address>0x25d5</load_address>
         <run_address>0x25d5</run_address>
         <size>0x93</size>
         <input_file_ref idref="fl-f"/>
      </object_component>
      <object_component id="oc-90">
         <name>.debug_line</name>
         <load_address>0x2668</load_address>
         <run_address>0x2668</run_address>
         <size>0xb7</size>
         <input_file_ref idref="fl-f"/>
      </object_component>
      <object_component id="oc-28e">
         <name>.debug_line</name>
         <load_address>0x271f</load_address>
         <run_address>0x271f</run_address>
         <size>0x82</size>
         <input_file_ref idref="fl-10"/>
      </object_component>
      <object_component id="oc-b4">
         <name>.debug_line</name>
         <load_address>0x27a1</load_address>
         <run_address>0x27a1</run_address>
         <size>0x92</size>
         <input_file_ref idref="fl-10"/>
      </object_component>
      <object_component id="oc-1da">
         <name>.debug_line</name>
         <load_address>0x2833</load_address>
         <run_address>0x2833</run_address>
         <size>0x91</size>
         <input_file_ref idref="fl-11"/>
      </object_component>
      <object_component id="oc-159">
         <name>.debug_line</name>
         <load_address>0x28c4</load_address>
         <run_address>0x28c4</run_address>
         <size>0xd2</size>
         <input_file_ref idref="fl-c7"/>
      </object_component>
      <object_component id="oc-127">
         <name>.debug_line</name>
         <load_address>0x2996</load_address>
         <run_address>0x2996</run_address>
         <size>0xa8</size>
         <input_file_ref idref="fl-c8"/>
      </object_component>
      <object_component id="oc-123">
         <name>.debug_line</name>
         <load_address>0x2a3e</load_address>
         <run_address>0x2a3e</run_address>
         <size>0x8e</size>
         <input_file_ref idref="fl-c9"/>
      </object_component>
      <object_component id="oc-12c">
         <name>.debug_line</name>
         <load_address>0x2acc</load_address>
         <run_address>0x2acc</run_address>
         <size>0x67</size>
         <input_file_ref idref="fl-ca"/>
      </object_component>
      <object_component id="oc-11d">
         <name>.debug_line</name>
         <load_address>0x2b33</load_address>
         <run_address>0x2b33</run_address>
         <size>0x57</size>
         <input_file_ref idref="fl-cb"/>
      </object_component>
      <object_component id="oc-1b5">
         <name>.debug_line</name>
         <load_address>0x2b8a</load_address>
         <run_address>0x2b8a</run_address>
         <size>0x5b</size>
         <input_file_ref idref="fl-cc"/>
      </object_component>
      <object_component id="oc-220">
         <name>.debug_line</name>
         <load_address>0x2be5</load_address>
         <run_address>0x2be5</run_address>
         <size>0x92</size>
         <input_file_ref idref="fl-cd"/>
      </object_component>
      <object_component id="oc-4e">
         <name>.debug_line</name>
         <load_address>0x2c77</load_address>
         <run_address>0x2c77</run_address>
         <size>0x56</size>
         <input_file_ref idref="fl-cd"/>
      </object_component>
      <object_component id="oc-181">
         <name>.debug_line</name>
         <load_address>0x2ccd</load_address>
         <run_address>0x2ccd</run_address>
         <size>0x34</size>
         <input_file_ref idref="fl-cd"/>
      </object_component>
      <object_component id="oc-21d">
         <name>.debug_line</name>
         <load_address>0x2d01</load_address>
         <run_address>0x2d01</run_address>
         <size>0x92</size>
         <input_file_ref idref="fl-cd"/>
      </object_component>
      <object_component id="oc-17c">
         <name>.debug_line</name>
         <load_address>0x2d93</load_address>
         <run_address>0x2d93</run_address>
         <size>0x20</size>
         <input_file_ref idref="fl-ce"/>
      </object_component>
      <object_component id="oc-1c">
         <name>.debug_line</name>
         <load_address>0x2db3</load_address>
         <run_address>0x2db3</run_address>
         <size>0x55</size>
         <input_file_ref idref="fl-ce"/>
      </object_component>
      <object_component id="oc-4a">
         <name>.debug_line</name>
         <load_address>0x2e08</load_address>
         <run_address>0x2e08</run_address>
         <size>0x3a</size>
         <input_file_ref idref="fl-ce"/>
      </object_component>
      <object_component id="oc-179">
         <name>.debug_line</name>
         <load_address>0x2e42</load_address>
         <run_address>0x2e42</run_address>
         <size>0x92</size>
         <input_file_ref idref="fl-ce"/>
      </object_component>
      <object_component id="oc-219">
         <name>.debug_line</name>
         <load_address>0x2ed4</load_address>
         <run_address>0x2ed4</run_address>
         <size>0x20</size>
         <input_file_ref idref="fl-cf"/>
      </object_component>
      <object_component id="oc-19">
         <name>.debug_line</name>
         <load_address>0x2ef4</load_address>
         <run_address>0x2ef4</run_address>
         <size>0xa9</size>
         <input_file_ref idref="fl-cf"/>
      </object_component>
      <object_component id="oc-3a">
         <name>.debug_line</name>
         <load_address>0x2f9d</load_address>
         <run_address>0x2f9d</run_address>
         <size>0x3a</size>
         <input_file_ref idref="fl-cf"/>
      </object_component>
      <object_component id="oc-216">
         <name>.debug_line</name>
         <load_address>0x2fd7</load_address>
         <run_address>0x2fd7</run_address>
         <size>0x9a</size>
         <input_file_ref idref="fl-cf"/>
      </object_component>
      <object_component id="oc-172">
         <name>.debug_line</name>
         <load_address>0x3071</load_address>
         <run_address>0x3071</run_address>
         <size>0x96</size>
         <input_file_ref idref="fl-cf"/>
      </object_component>
      <object_component id="oc-72">
         <name>.debug_line</name>
         <load_address>0x3107</load_address>
         <run_address>0x3107</run_address>
         <size>0x33</size>
         <input_file_ref idref="fl-d0"/>
      </object_component>
      <object_component id="oc-60">
         <name>.debug_line</name>
         <load_address>0x313a</load_address>
         <run_address>0x313a</run_address>
         <size>0x45</size>
         <input_file_ref idref="fl-d0"/>
      </object_component>
      <object_component id="oc-274">
         <name>.debug_line</name>
         <load_address>0x317f</load_address>
         <run_address>0x317f</run_address>
         <size>0x37</size>
         <input_file_ref idref="fl-d1"/>
      </object_component>
      <object_component id="oc-45">
         <name>.debug_line</name>
         <load_address>0x31b6</load_address>
         <run_address>0x31b6</run_address>
         <size>0x88</size>
         <input_file_ref idref="fl-d2"/>
      </object_component>
      <object_component id="oc-2cf">
         <name>.debug_line</name>
         <load_address>0x323e</load_address>
         <run_address>0x323e</run_address>
         <size>0xbf</size>
         <input_file_ref idref="fl-d4"/>
      </object_component>
      <object_component id="oc-234">
         <name>.debug_line</name>
         <load_address>0x32fd</load_address>
         <run_address>0x32fd</run_address>
         <size>0x6f</size>
         <input_file_ref idref="fl-d4"/>
      </object_component>
      <object_component id="oc-2d3">
         <name>.debug_line</name>
         <load_address>0x336c</load_address>
         <run_address>0x336c</run_address>
         <size>0x2e</size>
         <input_file_ref idref="fl-d4"/>
      </object_component>
      <object_component id="oc-2e7">
         <name>.debug_line</name>
         <load_address>0x339a</load_address>
         <run_address>0x339a</run_address>
         <size>0x9a</size>
         <input_file_ref idref="fl-d4"/>
      </object_component>
      <object_component id="oc-2d8">
         <name>.debug_line</name>
         <load_address>0x3434</load_address>
         <run_address>0x3434</run_address>
         <size>0x97</size>
         <input_file_ref idref="fl-d4"/>
      </object_component>
      <object_component id="oc-2dd">
         <name>.debug_line</name>
         <load_address>0x34cb</load_address>
         <run_address>0x34cb</run_address>
         <size>0x93</size>
         <input_file_ref idref="fl-d4"/>
      </object_component>
      <object_component id="oc-18e">
         <name>.debug_line</name>
         <load_address>0x355e</load_address>
         <run_address>0x355e</run_address>
         <size>0x40</size>
         <input_file_ref idref="fl-d5"/>
      </object_component>
      <object_component id="oc-224">
         <name>.debug_line</name>
         <load_address>0x359e</load_address>
         <run_address>0x359e</run_address>
         <size>0x3c</size>
         <input_file_ref idref="fl-d7"/>
      </object_component>
      <object_component id="oc-32">
         <name>.debug_frame</name>
         <load_address>0x0</load_address>
[...]
            <allocated_space>
               <start_address>0x26c</start_address>
               <size>0x192c</size>
               <logical_group_ref idref="lg-4"/>
            </allocated_space>
            <allocated_space>
               <start_address>0x1b98</start_address>
               <size>0x334</size>
               <logical_group_ref idref="lg-5"/>
            </allocated_space>
            <available_space>
               <start_address>0x1ecc</start_address>
               <size>0x4</size>
            </available_space>
            <allocated_space>
               <start_address>0x1ed0</start_address>
               <size>0x40</size>
               <logical_group_ref idref="lg-6"/>
            </allocated_space>
            <available_space>
               <start_address>0x1f10</start_address>
               <size>0x3e0f0</size>
            </available_space>
         </usage_details>
      </memory_area>
      <memory_area display="yes" color="green">
         <name>SRAM</name>
         <page_id>0x0</page_id>
         <origin>0x20000000</origin>
         <length>0x8000</length>
         <used_space>0x30d</used_space>
         <unused_space>0x7cf3</unused_space>
         <attributes>RWX</attributes>
         <usage_details>
            <allocated_space>
               <start_address>0x20000000</start_address>
               <size>0x0</size>
               <logical_group_ref idref="lg-2f2"/>
            </allocated_space>
            <allocated_space>
               <start_address>0x20000000</start_address>
               <size>0x26c</size>
               <logical_group_ref idref="lg-9"/>
            </allocated_space>
            <available_space>
               <start_address>0x2000026c</start_address>
               <size>0x4</size>
            </available_space>
            <allocated_space>
               <start_address>0x20000270</start_address>
               <size>0x68</size>
               <logical_group_ref idref="lg-d"/>
            </allocated_space>
            <allocated_space>
               <start_address>0x200002d8</start_address>
               <size>0x34</size>
               <logical_group_ref idref="lg-b"/>
            </allocated_space>
            <allocated_space>
               <start_address>0x2000030c</start_address>
               <size>0x5</size>
               <logical_group_ref idref="lg-a"/>
            </allocated_space>
            <available_space>
               <start_address>0x20000311</start_address>
               <size>0x7cef</size>
            </available_space>
         </usage_details>
      </memory_area>
   </placement_map>
   <cptbl_list>
      <cptbl>
         <name>__TI_cinit_table</name>
         <cprec>
            <name>.bss</name>
            <load_address>0x1ee0</load_address>
            <load_size>0x8</load_size>
            <run_address>0x200002d8</run_address>
            <run_size>0x34</run_size>
            <compression>zero_init</compression>
         </cprec>
         <cprec>
            <name>.vtable</name>
            <load_address>0x1ee8</load_address>
            <load_size>0x8</load_size>
            <run_address>0x20000000</run_address>
            <run_size>0x26c</run_size>
            <compression>zero_init</compression>
         </cprec>
         <cprec>
            <name>.data</name>
            <load_address>0x1ef0</load_address>
            <load_size>0x7</load_size>
            <run_address>0x2000030c</run_address>
            <run_size>0x5</run_size>
            <compression>lzss</compression>
         </cprec>
      </cptbl>
   </cptbl_list>
   <handler_table>
      <handler_table_name>__TI_handler_table</handler_table_name>
      <handler>
         <index>0x0</index>
         <name>__TI_zero_init</name>
      </handler>
      <handler>
         <index>0x1</index>
         <name>__TI_decompress_lzss</name>
      </handler>
      <handler>
         <index>0x2</index>
         <name>__TI_decompress_none</name>
      </handler>
   </handler_table>
   <symbol_table>
      <symbol id="sm-1">
         <name>__STACK_TOP</name>
         <value>0x20000470</value>
      </symbol>
      <symbol id="sm-2">
         <name>__start___llvm_prf_cnts</name>
         <value>0x20000000</value>
      </symbol>
      <symbol id="sm-3">
         <name>__stop___llvm_prf_cnts</name>
         <value>0x20000000</value>
      </symbol>
      <symbol id="sm-4">
         <name>__TI_CINIT_Base</name>
         <value>0x1ef8</value>
      </symbol>
      <symbol id="sm-5">
         <name>__TI_CINIT_Limit</name>
         <value>0x1f10</value>
      </symbol>
      <symbol id="sm-6">
         <name>__TI_Handler_Table_Base</name>
         <value>0x1ed0</value>
      </symbol>
      <symbol id="sm-7">
         <name>__TI_Handler_Table_Limit</name>
         <value>0x1edc</value>
      </symbol>
      <symbol id="sm-8">
         <name>binit</name>
         <value>0xffffffff</value>
      </symbol>
      <symbol id="sm-9">
         <name>__binit__</name>
         <value>0xffffffff</value>
      </symbol>
      <symbol id="sm-a">
         <name>__STACK_SIZE</name>
         <value>0x68</value>
      </symbol>
      <symbol id="sm-b">
         <name>__STACK_END</name>
         <value>0x200002d8</value>
      </symbol>
      <symbol id="sm-c">
         <name>__c_args__</name>
         <value>0xffffffff</value>
      </symbol>
      <symbol id="sm-d">
         <name>__TI_pprof_out_hndl</name>
         <value>0xffffffff</value>
      </symbol>
      <symbol id="sm-e">
         <name>__TI_prof_data_start</name>
         <value>0xffffffff</value>
      </symbol>
      <symbol id="sm-f">
         <name>__TI_prof_data_size</name>
         <value>0xffffffff</value>
      </symbol>
      <symbol id="sm-b9">
         <name>Period</name>
         <value>0x200002e4</value>
      </symbol>
      <symbol id="sm-ba">
         <name>pos</name>
         <value>0x20000308</value>
      </symbol>
      <symbol id="sm-bb">
         <name>pos_d</name>
         <value>0x2000030a</value>
      </symbol>
      <symbol id="sm-bc">
         <name>error</name>
         <value>0x200002f0</value>
      </symbol>
      <symbol id="sm-bd">
         <name>u</name>
         <value>0x20000300</value>
      </symbol>
      <symbol id="sm-be">
         <name>val</name>
         <value>0x20000304</value>
      </symbol>
      <symbol id="sm-bf">
         <name>Kp</name>
         <value>0x200002e0</value>
      </symbol>
      <symbol id="sm-c0">
         <name>Kd</name>
         <value>0x200002d8</value>
      </symbol>
      <symbol id="sm-c1">
         <name>Ki</name>
         <value>0x200002dc</value>
      </symbol>
      <symbol id="sm-c2">
         <name>error_i</name>
         <value>0x200002f8</value>
      </symbol>
      <symbol id="sm-c3">
         <name>error_d</name>
         <value>0x200002f4</value>
      </symbol>
      <symbol id="sm-c4">
         <name>error_old</name>
         <value>0x200002fc</value>
      </symbol>
      <symbol id="sm-c5">
         <name>dt</name>
         <value>0x200002ec</value>
      </symbol>
      <symbol id="sm-c6">
         <name>antiWindup</name>
         <value>0x200002e8</value>
      </symbol>
      <symbol id="sm-c7">
         <name>initConsole</name>
         <value>0x307</value>
         <object_component_ref idref="oc-2d"/>
      </symbol>
      <symbol id="sm-c8">
         <name>setPWM</name>
         <value>0x4ad</value>
         <object_component_ref idref="oc-2d"/>
      </symbol>
      <symbol id="sm-c9">
         <name>Timer0BIntHandler</name>
         <value>0x8e3</value>
         <object_component_ref idref="oc-2d"/>
      </symbol>
      <symbol id="sm-ca">
         <name>Timer0AIntHandler</name>
         <value>0x6a9</value>
         <object_component_ref idref="oc-2d"/>
      </symbol>
      <symbol id="sm-cb">
         <name>initPWM</name>
         <value>0x343</value>
         <object_component_ref idref="oc-2d"/>
      </symbol>
      <symbol id="sm-cc">
         <name>initQEI</name>
         <value>0x3b3</value>
         <object_component_ref idref="oc-2d"/>
      </symbol>
      <symbol id="sm-cd">
         <name>initLoopControl</name>
         <value>0x3ed</value>
         <object_component_ref idref="oc-2d"/>
      </symbol>
      <symbol id="sm-ce">
         <name>setDIR</name>
         <value>0x475</value>
         <object_component_ref idref="oc-2d"/>
      </symbol>
      <symbol id="sm-cf">
         <name>main</name>
         <value>0x26d</value>
         <object_component_ref idref="oc-2d"/>
      </symbol>
      <symbol id="sm-d0">
         <name>init</name>
         <value>0x293</value>
         <object_component_ref idref="oc-2d"/>
      </symbol>
      <symbol id="sm-d1">
         <name>PF6IntHandler</name>
         <value>0x5e5</value>
         <object_component_ref idref="oc-2d"/>
      </symbol>
      <symbol id="sm-f2">
         <name>ResetISR</name>
         <value>0x1b41</value>
         <object_component_ref idref="oc-27"/>
      </symbol>
      <symbol id="sm-f3">
         <name>g_pfnVectors</name>
         <value>0x0</value>
         <object_component_ref idref="oc-12"/>
      </symbol>
      <symbol id="sm-164">
         <name>UARTgetc</name>
         <value>0xac9</value>
         <object_component_ref idref="oc-80"/>
      </symbol>
      <symbol id="sm-165">
         <name>UARTgets</name>
         <value>0xa03</value>
         <object_component_ref idref="oc-80"/>
      </symbol>
      <symbol id="sm-166">
         <name>UARTStdioConfig</name>
         <value>0x951</value>
         <object_component_ref idref="oc-80"/>
      </symbol>
      <symbol id="sm-167">
         <name>UARTwrite</name>
         <value>0x9b1</value>
         <object_component_ref idref="oc-80"/>
      </symbol>
      <symbol id="sm-168">
         <name>UARTprintf</name>
         <value>0xdf7</value>
         <object_component_ref idref="oc-80"/>
      </symbol>
      <symbol id="sm-169">
         <name>UARTvprintf</name>
         <value>0xafd</value>
         <object_component_ref idref="oc-80"/>
      </symbol>
      <symbol id="sm-1ef">
         <name>GPIOPinTypePWM</name>
         <value>0x1a79</value>
         <object_component_ref idref="oc-c2"/>
      </symbol>
      <symbol id="sm-1f0">
         <name>GPIOIntRegister</name>
         <value>0x1a4b</value>
         <object_component_ref idref="oc-9e"/>
      </symbol>
      <symbol id="sm-1f1">
         <name>GPIOPinConfigure</name>
         <value>0x17e1</value>
         <object_component_ref idref="oc-92"/>
      </symbol>
      <symbol id="sm-1f2">
         <name>GPIOIntEnable</name>
         <value>0x1b29</value>
         <object_component_ref idref="oc-a4"/>
      </symbol>
      <symbol id="sm-1f3">
         <name>GPIOIntTypeSet</name>
         <value>0x1789</value>
         <object_component_ref idref="oc-98"/>
      </symbol>
      <symbol id="sm-1f4">
         <name>GPIOIntClear</name>
         <value>0x1b73</value>
         <object_component_ref idref="oc-139"/>
      </symbol>
      <symbol id="sm-1f5">
         <name>GPIOPinTypeUART</name>
         <value>0x1a9d</value>
         <object_component_ref idref="oc-b6"/>
      </symbol>
      <symbol id="sm-1f6">
         <name>GPIODirModeSet</name>
         <value>0x19c5</value>
         <object_component_ref idref="oc-1e0"/>
      </symbol>
      <symbol id="sm-1f7">
         <name>GPIOPinTypeQEI</name>
         <value>0x1a8b</value>
         <object_component_ref idref="oc-da"/>
      </symbol>
      <symbol id="sm-1f8">
         <name>GPIOPadConfigSet</name>
         <value>0x1119</value>
         <object_component_ref idref="oc-1e6"/>
      </symbol>
      <symbol id="sm-23a">
         <name>IntEnable</name>
         <value>0x1659</value>
         <object_component_ref idref="oc-104"/>
      </symbol>
      <symbol id="sm-23b">
         <name>IntRegister</name>
         <value>0x1929</value>
         <object_component_ref idref="oc-1cf"/>
      </symbol>
      <symbol id="sm-23c">
         <name>g_pfnRAMVectors</name>
         <value>0x20000000</value>
         <object_component_ref idref="oc-288"/>
      </symbol>
      <symbol id="sm-23d">
         <name>IntMasterEnable</name>
         <value>0x1ad3</value>
         <object_component_ref idref="oc-aa"/>
      </symbol>
      <symbol id="sm-26a">
         <name>PWMGenPeriodSet</name>
         <value>0x1ae3</value>
         <object_component_ref idref="oc-ce"/>
      </symbol>
      <symbol id="sm-26b">
         <name>PWMPulseWidthSet</name>
         <value>0x1a11</value>
         <object_component_ref idref="oc-130"/>
      </symbol>
      <symbol id="sm-26c">
         <name>PWMOutputState</name>
         <value>0x1aaf</value>
         <object_component_ref idref="oc-116"/>
      </symbol>
      <symbol id="sm-26d">
         <name>PWMGenEnable</name>
         <value>0x1b35</value>
         <object_component_ref idref="oc-d4"/>
      </symbol>
      <symbol id="sm-26e">
         <name>PWMGenConfigure</name>
         <value>0x19ef</value>
         <object_component_ref idref="oc-c8"/>
      </symbol>
      <symbol id="sm-2a3">
         <name>QEIPositionGet</name>
         <value>0x1b85</value>
         <object_component_ref idref="oc-13f"/>
      </symbol>
      <symbol id="sm-2a4">
         <name>QEIIntDisable</name>
         <value>0x1b61</value>
         <object_component_ref idref="oc-e6"/>
      </symbol>
      <symbol id="sm-2a5">
         <name>QEIDisable</name>
         <value>0x1b4d</value>
         <object_component_ref idref="oc-e0"/>
      </symbol>
      <symbol id="sm-2a6">
         <name>QEIEnable</name>
         <value>0x1b57</value>
         <object_component_ref idref="oc-f2"/>
      </symbol>
      <symbol id="sm-2a7">
         <name>QEIPositionSet</name>
         <value>0x1b89</value>
         <object_component_ref idref="oc-f8"/>
      </symbol>
      <symbol id="sm-2a8">
         <name>QEIConfigure</name>
         <value>0x1af3</value>
         <object_component_ref idref="oc-ec"/>
      </symbol>
      <symbol id="sm-304">
         <name>SysCtlClockSet</name>
         <value>0x1459</value>
         <object_component_ref idref="oc-74"/>
      </symbol>
      <symbol id="sm-305">
         <name>SysCtlDelay</name>
         <value>0x1b79</value>
         <object_component_ref idref="oc-19c"/>
      </symbol>
      <symbol id="sm-306">
         <name>SysCtlPeripheralEnable</name>
         <value>0x195d</value>
         <object_component_ref idref="oc-86"/>
      </symbol>
      <symbol id="sm-307">
         <name>SysCtlClockGet</name>
         <value>0x124d</value>
         <object_component_ref idref="oc-7a"/>
      </symbol>
      <symbol id="sm-308">
         <name>SysCtlPWMClockSet</name>
         <value>0x1a65</value>
         <object_component_ref idref="oc-bc"/>
      </symbol>
      <symbol id="sm-33c">
         <name>TimerLoadSet</name>
         <value>0x1ac1</value>
         <object_component_ref idref="oc-fe"/>
      </symbol>
      <symbol id="sm-33d">
         <name>TimerEnable</name>
         <value>0x1b01</value>
         <object_component_ref idref="oc-110"/>
      </symbol>
      <symbol id="sm-33e">
         <name>TimerIntEnable</name>
         <value>0x1b6b</value>
         <object_component_ref idref="oc-10a"/>
      </symbol>
      <symbol id="sm-33f">
         <name>TimerConfigure</name>
         <value>0x1729</value>
         <object_component_ref idref="oc-8c"/>
      </symbol>
      <symbol id="sm-340">
         <name>TimerIntClear</name>
         <value>0x1b8d</value>
         <object_component_ref idref="oc-148"/>
      </symbol>
      <symbol id="sm-34d">
         <name>UARTClockSourceSet</name>
         <value>0x1b7f</value>
         <object_component_ref idref="oc-b0"/>
      </symbol>
      <symbol id="sm-357">
         <name>CPUcpsie</name>
         <value>0x1b1d</value>
         <object_component_ref idref="oc-1d7"/>
      </symbol>
      <symbol id="sm-36e">
         <name>__aeabi_dsub</name>
         <value>0xe2d</value>
         <object_component_ref idref="oc-158"/>
      </symbol>
      <symbol id="sm-36f">
         <name>__aeabi_dadd</name>
         <value>0xe37</value>
         <object_component_ref idref="oc-158"/>
      </symbol>
      <symbol id="sm-383">
         <name>__aeabi_ddiv</name>
         <value>0xfe3</value>
         <object_component_ref idref="oc-126"/>
      </symbol>
      <symbol id="sm-38e">
         <name>__aeabi_dmul</name>
         <value>0x135d</value>
         <object_component_ref idref="oc-121"/>
      </symbol>
      <symbol id="sm-39a">
         <name>__aeabi_d2f</name>
         <value>0x15e9</value>
         <object_component_ref idref="oc-12b"/>
      </symbol>
      <symbol id="sm-3a5">
         <name>__aeabi_f2d</name>
         <value>0x18f1</value>
         <object_component_ref idref="oc-11c"/>
      </symbol>
      <symbol id="sm-3b4">
         <name>__aeabi_uidivmod</name>
         <value>0x18b1</value>
         <object_component_ref idref="oc-1b1"/>
      </symbol>
      <symbol id="sm-3b5">
         <name>__aeabi_uidiv</name>
         <value>0x18b1</value>
         <object_component_ref idref="oc-1b1"/>
      </symbol>
      <symbol id="sm-3ce">
         <name>__TI_zero_init_nomemset</name>
         <value>0x1a2f</value>
         <object_component_ref idref="oc-4d"/>
      </symbol>
      <symbol id="sm-3e5">
         <name>__TI_decompress_none</name>
         <value>0x1b0f</value>
         <object_component_ref idref="oc-1b"/>
      </symbol>
      <symbol id="sm-408">
         <name>__TI_decompress_lzss</name>
         <value>0x16c1</value>
         <object_component_ref idref="oc-15"/>
      </symbol>
      <symbol id="sm-41b">
         <name>__stack</name>
         <value>0x20000270</value>
         <object_component_ref idref="oc-24"/>
      </symbol>
      <symbol id="sm-41c">
         <name>_c_int00_noargs</name>
         <value>0x1991</value>
         <object_component_ref idref="oc-5f"/>
      </symbol>
      <symbol id="sm-426">
         <name>__aeabi_idiv0</name>
         <value>0x124b</value>
         <object_component_ref idref="oc-270"/>
      </symbol>
      <symbol id="sm-427">
         <name>__aeabi_ldiv0</name>
         <value>0x124b</value>
         <object_component_ref idref="oc-270"/>
      </symbol>
      <symbol id="sm-442">
         <name>memcpy</name>
         <value>0x154d</value>
         <object_component_ref idref="oc-41"/>
      </symbol>
      <symbol id="sm-443">
         <name>__aeabi_memcpy</name>
         <value>0x154d</value>
         <object_component_ref idref="oc-41"/>
      </symbol>
      <symbol id="sm-444">
         <name>__aeabi_memcpy8</name>
         <value>0x154d</value>
         <object_component_ref idref="oc-41"/>
      </symbol>
      <symbol id="sm-445">
         <name>__aeabi_memcpy4</name>
         <value>0x154d</value>
         <object_component_ref idref="oc-41"/>
      </symbol>
      <symbol id="sm-46e">
         <name>__TI_auto_init_nobinit_nopinit</name>
         <value>0x186d</value>
         <object_component_ref idref="oc-22f"/>
      </symbol>
      <symbol id="sm-478">
         <name>_system_pre_init</name>
         <value>0x1b91</value>
         <object_component_ref idref="oc-18a"/>
      </symbol>
      <symbol id="sm-484">
         <name>C$$EXIT</name>
         <value>0x1b95</value>
         <object_component_ref idref="oc-223"/>
      </symbol>
      <symbol id="sm-485">
         <name>abort</name>
         <value>0x1b95</value>
         <object_component_ref idref="oc-223"/>
      </symbol>
      <symbol id="sm-488">
         <name>__TI_static_base__</name>
         <value>0x0</value>
      </symbol>
      <symbol id="sm-48b">
         <name>__mpu_init</name>
         <value>0x0</value>
      </symbol>
      <symbol id="sm-48c">
         <name>_system_post_cinit</name>
         <value>0x0</value>
      </symbol>
   </symbol_table>
   <title>Link successful</title>
</link_info>
